The ''7-base_geometry'' Module
==============================

Using ''BaseGeometry''
----------------------

Import Function:
>>> BaseGeometry = __import__('7-base_geometry').BaseGeometry

Test for Type:
>>> bg = BaseGeometry()
>>> type(bg) is BaseGeometry
True

Print area:
>>> bg = BaseGeometry()
>>> bg.area()
Traceback (most recent call last):
...
Exception: area() is not implemented

Passing integer to value:
>>> bg = BaseGeometry()
>>> bg.integer_validator("name", 7)


Passing a string to value:
>>> bg = BaseGeometry()
>>> bg.integer_validator("name", "7")
Traceback (most recent call last):
...
TypeError: name must be an integer

Passing None to value:
>>> bg = BaseGeometry()
>>> bg.integer_validator("name", None)
Traceback (most recent call last):
...
TypeError: name must be an integer

Passing a negative value:
>>> bg = BaseGeometry()
>>> bg.integer_validator("name", -7)
Traceback (most recent call last):
...
ValueError: name must be greater than 0

Passing a value 0:
>>> bg = BaseGeometry()
>>> bg.integer_validator("name", 0)
Traceback (most recent call last):
...
ValueError: name must be greater than 0

Passing one argument to integer_validator:
>>> bg = BaseGeometry()
>>> bg.integer_validator("name")
Traceback (most recent call last):
...
TypeError: integer_validator() missing 1 required positional argument: 'value'

Passing no arguments to integer_validator:
bg = BaseGeometry()
bg.integer_validator()
Traceback (most recent call last):
...
TypeError: integer_validator() missing 2 required positional arguments: 'name' and 'value'

Passing Tuple:
>>> bg = BaseGeometry()
>>> bg.integer_validator("name", (2,1))
Traceback (most recent call last):
...
TypeError: name must be an integer

Passing list:
>>> bg = BaseGeometry()
>>> bg.integer_validator("name", [2, 1])
Traceback (most recent call last):
...
TypeError: name must be an integer

Passing Boolean:
>>> bg = BaseGeometry()
>>> bg.integer_validator("name", True)
Traceback (most recent call last):
...
TypeError: name must be an integer

Passing:
>>> bg = BaseGeometry()
>>> bg.integer_validator("name", {2, 1})
Traceback (most recent call last):
...
TypeError: name must be an integer
